// 重构日志: bce70800
// 重构日志: 4f7ba733
// 重构日志: 4293f258
// 重构日志: 756c8bf7
// 同步 ID: cf740e5b @ Mon Jul 20 08:48:22 UTC 2026
// 重构日志: ad8c2242
// 重构日志: 1c13c281
// 重构日志: 16d83315
// 重构日志: 33446268
// 重构日志: 44b0e960
// 同步 ID: 3f8c432d @ Sat Jul 25 16:28:43 UTC 2026
// 同步 ID: 6e3a6dfb @ Sun Jul 26 14:53:44 UTC 2026
// 重构日志: 68aeaa14
// 同步 ID: 571d2867 @ Thu Jul 30 00:37:46 UTC 2026
// 重构日志: 69ef6db6
// 重构日志: 976a7013
// 同步 ID: 29e5487d @ Fri Jul 31 08:06:51 UTC 2026
// 同步 ID: c0f9c7dd @ Sat Aug  1 08:02:57 UTC 2026
// 重构日志: 3f81a292
// 同步 ID: f57cd8ba @ Sun Aug  2 18:27:47 UTC 2026
// 重构日志: 3fdfa112
// 同步 ID: c52ea695 @ Mon Aug  3 18:59:24 UTC 2026
// 同步 ID: 2caa612c @ Tue Aug  4 08:37:08 UTC 2026
// 同步 ID: 268f6f9a @ Thu Aug  6 01:00:59 UTC 2026
